src/app/dashboard/cash-flow/actions.ts(147,46): error TS7006: Parameter 'row' implicitly has an 'any' type.
src/app/dashboard/claims/page.tsx(74,50): error TS7006: Parameter 'r' implicitly has an 'any' type.
src/app/dashboard/clients/[id]/page.tsx(207,31): error TS7006: Parameter 'lead' implicitly has an 'any' type.
src/app/dashboard/jobs/actions.ts(1635,37): error TS7006: Parameter 'row' implicitly has an 'any' type.
src/app/dashboard/marketing/campaigns/page.tsx(69,41): error TS7006: Parameter 'r' implicitly has an 'any' type.
src/app/dashboard/marketing/campaigns/page.tsx(70,39): error TS7006: Parameter 'r' implicitly has an 'any' type.
src/app/dashboard/marketing/links/page.tsx(26,14): error TS7006: Parameter 'res' implicitly has an 'any' type.
src/app/dashboard/marketing/page.tsx(100,49): error TS7006: Parameter 'row' implicitly has an 'any' type.
src/app/dashboard/marketing/performance/page.tsx(87,6): error TS7006: Parameter 'sum' implicitly has an 'any' type.
src/app/dashboard/marketing/performance/page.tsx(87,11): error TS7006: Parameter 'o' implicitly has an 'any' type.
src/app/dashboard/marketing/performance/page.tsx(92,6): error TS7006: Parameter 'sum' implicitly has an 'any' type.
src/app/dashboard/marketing/performance/page.tsx(92,11): error TS7006: Parameter 'c' implicitly has an 'any' type.
src/app/dashboard/marketing/performance/page.tsx(97,6): error TS7006: Parameter 'c' implicitly has an 'any' type.
src/app/dashboard/marketing/referrals/page.tsx(75,33): error TS7006: Parameter 'l' implicitly has an 'any' type.
src/app/dashboard/marketing/referrals/page.tsx(218,53): error TS7006: Parameter 'c' implicitly has an 'any' type.
src/app/dashboard/messages/actions.ts(548,11): error TS7006: Parameter 'm' implicitly has an 'any' type.
src/app/dashboard/messages/page.tsx(118,46): error TS7006: Parameter 'r' implicitly has an 'any' type.
src/app/dashboard/payments/actions.ts(470,38): error TS7006: Parameter 'j' implicitly has an 'any' type.
src/app/dashboard/payments/actions.ts(689,46): error TS7006: Parameter 'p' implicitly has an 'any' type.
src/app/dashboard/payments/actions.ts(691,46): error TS7006: Parameter 'j' implicitly has an 'any' type.
src/app/dashboard/payments/actions.ts(693,34): error TS7006: Parameter 'p' implicitly has an 'any' type.
src/app/dashboard/settings/page.tsx(291,59): error TS7006: Parameter 'identity' implicitly has an 'any' type.
src/app/dashboard/sites/actions.ts(705,40): error TS7006: Parameter 'job' implicitly has an 'any' type.
src/app/dashboard/sites/actions.ts(706,76): error TS7006: Parameter 'path' implicitly has an 'any' type.
src/app/dashboard/sites/actions.ts(707,23): error TS7006: Parameter 'path' implicitly has an 'any' type.
src/app/dashboard/sites/actions.ts(707,29): error TS7006: Parameter 'index' implicitly has an 'any' type.
src/app/dashboard/sites/actions.ts(711,14): error TS7006: Parameter 'photo' implicitly has an 'any' type.
src/app/dashboard/sites/actions.ts(713,64): error TS7006: Parameter 'photo' implicitly has an 'any' type.
src/app/dashboard/sites/actions.ts(714,22): error TS7006: Parameter 'photo' implicitly has an 'any' type.
src/app/dashboard/sites/actions.ts(714,29): error TS7006: Parameter 'index' implicitly has an 'any' type.
src/app/dashboard/sites/actions.ts(714,81): error TS7006: Parameter 'photo' implicitly has an 'any' type.
src/app/dashboard/sites/actions.ts(754,16): error TS7006: Parameter 'row' implicitly has an 'any' type.
src/app/dashboard/sites/actions.ts(755,13): error TS7006: Parameter 'row' implicitly has an 'any' type.
src/app/dashboard/sites/actions.ts(766,14): error TS7006: Parameter 'row' implicitly has an 'any' type.
src/app/dashboard/sites/actions.ts(767,11): error TS7006: Parameter 'row' implicitly has an 'any' type.
src/app/dashboard/sites/actions.ts(1407,46): error TS7006: Parameter 'r' implicitly has an 'any' type.
src/app/dashboard/sites/actions.ts(1408,47): error TS7006: Parameter 'r' implicitly has an 'any' type.
src/app/dashboard/sites/page.tsx(46,44): error TS7006: Parameter 'r' implicitly has an 'any' type.
src/app/dashboard/sites/page.tsx(47,45): error TS7006: Parameter 'r' implicitly has an 'any' type.
src/app/dashboard/text-to-job/page.tsx(90,55): error TS7006: Parameter 'c' implicitly has an 'any' type.
src/app/dashboard/text-to-job/page.tsx(106,72): error TS7006: Parameter 'row' implicitly has an 'any' type.
src/app/dashboard/voice-calls/page.tsx(176,72): error TS7006: Parameter 'r' implicitly has an 'any' type.